// Jest Snapshot v1, https://goo.gl/fbAQLP

exports[`asyncWithUnlaunchProvider async provider renders app correctly 1`] = `
<div>
   My App 
</div>
`;
